// Jest Snapshot v1, https://goo.gl/fbAQLP

exports[`<Forgotpass /> renders correctly 1`] = `
<RCTScrollView
  showsVerticalScrollIndicator={false}
>
  <View>
    <View
      style={
        Object {
          "backgroundColor": "#fff",
          "flex": 1,
          "padding": 30,
        }
      }
    >
      <View
        style={
          Object {
            "marginTop": 30,
          }
        }
      >
        <Text
          style={
            Object {
              "color": "black",
              "fontSize": 30,
              "fontWeight": "bold",
              "marginTop": 20,
            }
          }
        >
          Forgotpassword?
        </Text>
        <Text
          style={
            Object {
              "fontSize": 15,
              "marginTop": 20,
            }
          }
        >
          Welcome Home My Friend
        </Text>
      </View>
      <View
        style={
          Object {
            "flexDirection": "row",
            "marginTop": 20,
          }
        }
      >
        <Icon
          name="mail-outline"
          size={15}
          style={
            Object {
              "marginTop": 15,
              "position": "absolute",
            }
          }
        />
        <TextInput
          autoCapitalize="none"
          autoCorrect={false}
          onChangeText={[Function]}
          onEndEditing={[Function]}
          placeholder="Email."
          style={
            Object {
              "borderBottomWidth": 0.5,
              "flex": 1,
              "fontSize": 15,
              "paddingLeft": 50,
            }
          }
        />
      </View>
      <View />
      <Text
        style={
          Object {
            "marginTop": 20,
            "textAlign": "center",
          }
        }
      >
        Already  have an account ?
      </Text>
      <View
        style={
          Object {
            "alignItems": "center",
            "flexDirection": "row",
            "justifyContent": "center",
          }
        }
      >
        <Text>
          Please
        </Text>
      </View>
    </View>
  </View>
</RCTScrollView>
`;

exports[`<Forgotpass /> show Invalid Username and password 1`] = `0`;
